> craneo<-c(2,2.2,2.4,3.2,3.5,4.5,5.5,5.2,5.4,6,
+ 6.3,5.5,5.3,5.1,7,7.5,6.8,7.6,7.9,7.3)
> garras<-c(0.1,0.2,0.2,0.3,0.3,0.4,0.6,0.6,
+ 0.7,0.6,0.7,0.6,0.6,0.3,0.9,0.9,0.5,0.9,1,1)
> traseras<-c(3,3,4,4,3,4,5,5,6,6,
+ 5,5,6,3,7,7,6,8,8,7)
> delanteras<-c(3,3,3,4,3,3,5,5,5,6,
+ 5,5,5,4,7,7,5,8,7,8)
> tipo<-c("a","a","a","a","a","b","b","b","b","b",
+ "b","b","b","b","c","c","c","c","c","c")

> datos<-matrix(c(craneo,garras,traseras,delanteras),ncol=4)
> colnames(datos)<-c("craneo","garras","traseras","delanteras")
> datos
      craneo garras traseras delanteras
 [1,]    2.0    0.1        3          3
 [2,]    2.2    0.2        3          3
 [3,]    2.4    0.2        4          3
 [4,]    3.2    0.3        4          4
 [5,]    3.5    0.3        3          3
 [6,]    4.5    0.4        4          3
 [7,]    5.5    0.6        5          5
 [8,]    5.2    0.6        5          5
 [9,]    5.4    0.7        6          5
[10,]    6.0    0.6        6          6
[11,]    6.3    0.7        5          5
[12,]    5.5    0.6        5          5
[13,]    5.3    0.6        6          5
[14,]    5.1    0.3        3          4
[15,]    7.0    0.9        7          7
[16,]    7.5    0.9        7          7
[17,]    6.8    0.5        6          5
[18,]    7.6    0.9        8          8
[19,]    7.9    1.0        8          7
[20,]    7.3    1.0        7          8
> library(MASS)
> datos.lda<-lda(datos,tipo)
> datos.lda
Call:
lda(datos, grouping = tipo)

Prior probabilities of groups:
   a    b    c 
0.25 0.45 0.30 

Group means:
    craneo    garras traseras delanteras
a 2.660000 0.2200000 3.400000   3.200000
b 5.422222 0.5666667 5.000000   4.777778
c 7.350000 0.8666667 7.166667   7.000000

Coefficients of linear discriminants:
                  LD1        LD2
craneo     -2.2187183  0.8303626
garras      2.9654107  6.6276070
traseras   -0.3550571 -0.8355848
delanteras  0.1298212 -1.3469212

Proportion of trace:
  LD1   LD2 
0.972 0.028 
> plotdatos.lda
Error: objeto 'plotdatos.lda' no encontrado
> plot(datos.lda)
> clasif<-predict(datos.lda)$class
> clasif
 [1] a a a a a b b b b b b b b b c c c c c c
Levels: a b c
> library(class)
#Se complementa con regresión múltiple
clasif<-predict(datos.lda)$class
clasif
library(class)
>datos.knn<-knn(datos,datos,tipo,3)
>datos.knn
#Vecinos más cercanos de variación cruzada
>datos2.knnvc<-knn.cv(datos,tipo,3)
>datos2.knnvc